docker compose run --rm --service-ports app zig build test
make : test
発生場所 C:\Users\kazoooooo\AppData\Local\Temp\ps-script-b8af71cb-5312-4353-849d-5b386a17711d.ps1:90 文字:62
+ ... ARMONICOM\dig\dig; make zig build test > test_output.txt 2>&1; Get-Co ...
+                        ~~~~~~~~~~~~~~~~~~~~~~~~~~~~~~~~~~~~~~~~~~
    + CategoryInfo          : NotSpecified: (test:String) [], RemoteException
    + FullyQualifiedErrorId : NativeCommandError
 
+- run test 8/10 passed, 2 failed
error: 'seeder_test.test.Seeder: execute seed file with PostgreSQL' failed: [default] (err): PostgreSQL driver is not e
nabled. Rebuild with -Dpostgresql=true
/usr/src/app/src/dig/db.zig:32:21: 0x114d25f in connect (dig.zig)
                    return errors.DigError.UnsupportedDatabase;
                    ^
/usr/src/app/src/tests/seeder_test.zig:198:14: 0x114a426 in test.Seeder: execute seed file with PostgreSQL (seeder_test
.zig)
    var db = try dig.db.connect(allocator, .{
             ^
error: 'seeder_test.test.Seeder: execute seed files in order' failed: [default] (err): PostgreSQL driver is not enabled
. Rebuild with -Dpostgresql=true
/usr/src/app/src/dig/db.zig:32:21: 0x114d25f in connect (dig.zig)
                    return errors.DigError.UnsupportedDatabase;
                    ^
/usr/src/app/src/tests/seeder_test.zig:329:14: 0x1151b96 in test.Seeder: execute seed files in order (seeder_test.zig)
    var db = try dig.db.connect(allocator, .{
             ^
error: while executing test 'seeder_test.test.Seeder: handle multiline SQL statements', the following test command fail
ed:
/tmp/o/b286b79c6fd3ac7785cc6cc1e2a7d04f/test --cache-dir=/tmp --seed=0xd62a194f --listen=-
test
+- run test 1/5 passed, 4 failed
error: 'migration_test.test.Migration: init manager' failed: [default] (err): PostgreSQL driver is not enabled. Rebuild
 with -Dpostgresql=true
/usr/src/app/src/dig/db.zig:32:21: 0x103e50f in connect (dig.zig)
                    return errors.DigError.UnsupportedDatabase;
                    ^
/usr/src/app/src/tests/migration_test.zig:10:14: 0x103ad0b in test.Migration: init manager (migration_test.zig)
    var db = try dig.db.connect(allocator, .{
             ^
error: 'migration_test.test.SqlMigration: migrate and rollback' failed: [default] (err): PostgreSQL driver is not enabl
ed. Rebuild with -Dpostgresql=true
/usr/src/app/src/dig/db.zig:32:21: 0x103e50f in connect (dig.zig)
                    return errors.DigError.UnsupportedDatabase;
                    ^
/usr/src/app/src/tests/migration_test.zig:61:14: 0x1156c6b in test.SqlMigration: migrate and rollback (migration_test.z
ig)
    var db = try dig.db.connect(allocator, .{
             ^
error: 'migration_test.test.SqlMigration: load from directory' failed: [default] (err): PostgreSQL driver is not enable
d. Rebuild with -Dpostgresql=true
/usr/src/app/src/dig/db.zig:32:21: 0x103e50f in connect (dig.zig)
                    return errors.DigError.UnsupportedDatabase;
                    ^
/usr/src/app/src/tests/migration_test.zig:108:14: 0x11872ab in test.SqlMigration: load from directory (migration_test.z
ig)
    var db = try dig.db.connect(allocator, .{
             ^
error: 'migration_test.test.SqlMigration: full migration cycle with directory' failed: [default] (err): PostgreSQL driv
er is not enabled. Rebuild with -Dpostgresql=true
/usr/src/app/src/dig/db.zig:32:21: 0x103e50f in connect (dig.zig)
                    return errors.DigError.UnsupportedDatabase;
                    ^
/usr/src/app/src/tests/migration_test.zig:139:14: 0x1188ebb in test.SqlMigration: full migration cycle with directory (
migration_test.zig)
    var db = try dig.db.connect(allocator, .{
             ^
error: while executing test 'migration_test.test.SqlMigration: full migration cycle with directory', the following test
 command failed:
/tmp/o/e87591f4d69829ea33eb03c21c7755e5/test --cache-dir=/tmp --seed=0xd62a194f --listen=-
test
+- run test 0/13 passed, 13 failed
error: 'queryBuilder_test.test.QueryBuilder - SELECT with all columns' failed: [default] (err): PostgreSQL driver is no
t enabled. Rebuild with -Dpostgresql=true
/usr/src/app/src/dig/db.zig:32:21: 0x103ba3f in connect (dig.zig)
                    return errors.DigError.UnsupportedDatabase;
                    ^
/usr/src/app/src/tests/queryBuilder_test.zig:11:14: 0x103833b in test.QueryBuilder - SELECT with all columns (queryBuil
der_test.zig)
    var db = try dig.db.connect(allocator, .{
             ^
error: 'queryBuilder_test.test.QueryBuilder - SELECT with specific columns' failed: [default] (err): PostgreSQL driver 
is not enabled. Rebuild with -Dpostgresql=true
/usr/src/app/src/dig/db.zig:32:21: 0x103ba3f in connect (dig.zig)
                    return errors.DigError.UnsupportedDatabase;
                    ^
/usr/src/app/src/tests/queryBuilder_test.zig:32:14: 0x114621b in test.QueryBuilder - SELECT with specific columns (quer
yBuilder_test.zig)
    var db = try dig.db.connect(allocator, .{
             ^
error: 'queryBuilder_test.test.QueryBuilder - INSERT' failed: [default] (err): PostgreSQL driver is not enabled. Rebuil
d with -Dpostgresql=true
/usr/src/app/src/dig/db.zig:32:21: 0x103ba3f in connect (dig.zig)
                    return errors.DigError.UnsupportedDatabase;
                    ^
/usr/src/app/src/tests/queryBuilder_test.zig:57:14: 0x114bd6b in test.QueryBuilder - INSERT (queryBuilder_test.zig)
    var db = try dig.db.connect(allocator, .{
             ^
error: 'queryBuilder_test.test.QueryBuilder - UPDATE' failed: [default] (err): PostgreSQL driver is not enabled. Rebuil
d with -Dpostgresql=true
/usr/src/app/src/dig/db.zig:32:21: 0x103ba3f in connect (dig.zig)
                    return errors.DigError.UnsupportedDatabase;
                    ^
/usr/src/app/src/tests/queryBuilder_test.zig:78:14: 0x114e78b in test.QueryBuilder - UPDATE (queryBuilder_test.zig)
    var db = try dig.db.connect(allocator, .{
             ^
error: 'queryBuilder_test.test.QueryBuilder - DELETE' failed: [default] (err): PostgreSQL driver is not enabled. Rebuil
d with -Dpostgresql=true
/usr/src/app/src/dig/db.zig:32:21: 0x103ba3f in connect (dig.zig)
                    return errors.DigError.UnsupportedDatabase;
                    ^
/usr/src/app/src/tests/queryBuilder_test.zig:99:14: 0x114f7fb in test.QueryBuilder - DELETE (queryBuilder_test.zig)
    var db = try dig.db.connect(allocator, .{
             ^
error: 'queryBuilder_test.test.QueryBuilder - chaining with HashMap' failed: [default] (err): PostgreSQL driver is not 
enabled. Rebuild with -Dpostgresql=true
/usr/src/app/src/dig/db.zig:32:21: 0x103ba3f in connect (dig.zig)
                    return errors.DigError.UnsupportedDatabase;
                    ^
/usr/src/app/src/tests/queryBuilder_test.zig:119:14: 0x115047b in test.QueryBuilder - chaining with HashMap (queryBuild
er_test.zig)
    var db = try dig.db.connect(allocator, .{
             ^
error: 'queryBuilder_test.test.QueryBuilder - UPDATE with HashMap' failed: [default] (err): PostgreSQL driver is not en
abled. Rebuild with -Dpostgresql=true
/usr/src/app/src/dig/db.zig:32:21: 0x103ba3f in connect (dig.zig)
                    return errors.DigError.UnsupportedDatabase;
                    ^
/usr/src/app/src/tests/queryBuilder_test.zig:146:14: 0x1156c1b in test.QueryBuilder - UPDATE with HashMap (queryBuilder
_test.zig)
    var db = try dig.db.connect(allocator, .{
             ^
error: 'queryBuilder_test.test.QueryBuilder - INNER JOIN' failed: [default] (err): PostgreSQL driver is not enabled. Re
build with -Dpostgresql=true
/usr/src/app/src/dig/db.zig:32:21: 0x103ba3f in connect (dig.zig)
                    return errors.DigError.UnsupportedDatabase;
                    ^
/usr/src/app/src/tests/queryBuilder_test.zig:173:14: 0x1157c3b in test.QueryBuilder - INNER JOIN (queryBuilder_test.zig
)
    var db = try dig.db.connect(allocator, .{
             ^
error: 'queryBuilder_test.test.QueryBuilder - LEFT JOIN' failed: [default] (err): PostgreSQL driver is not enabled. Reb
uild with -Dpostgresql=true
/usr/src/app/src/dig/db.zig:32:21: 0x103ba3f in connect (dig.zig)
                    return errors.DigError.UnsupportedDatabase;
                    ^
/usr/src/app/src/tests/queryBuilder_test.zig:193:14: 0x115904b in test.QueryBuilder - LEFT JOIN (queryBuilder_test.zig)
    var db = try dig.db.connect(allocator, .{
             ^
error: 'queryBuilder_test.test.QueryBuilder - RIGHT JOIN' failed: [default] (err): PostgreSQL driver is not enabled. Re
build with -Dpostgresql=true
/usr/src/app/src/dig/db.zig:32:21: 0x103ba3f in connect (dig.zig)
                    return errors.DigError.UnsupportedDatabase;
                    ^
/usr/src/app/src/tests/queryBuilder_test.zig:213:14: 0x1159cfb in test.QueryBuilder - RIGHT JOIN (queryBuilder_test.zig
)
    var db = try dig.db.connect(allocator, .{
             ^
error: 'queryBuilder_test.test.QueryBuilder - FULL OUTER JOIN' failed: [default] (err): PostgreSQL driver is not enable
d. Rebuild with -Dpostgresql=true
/usr/src/app/src/dig/db.zig:32:21: 0x103ba3f in connect (dig.zig)
                    return errors.DigError.UnsupportedDatabase;
                    ^
/usr/src/app/src/tests/queryBuilder_test.zig:233:14: 0x115a9ab in test.QueryBuilder - FULL OUTER JOIN (queryBuilder_tes
t.zig)
    var db = try dig.db.connect(allocator, .{
             ^
error: 'queryBuilder_test.test.QueryBuilder - multiple JOINs with WHERE' failed: [default] (err): PostgreSQL driver is 
not enabled. Rebuild with -Dpostgresql=true
/usr/src/app/src/dig/db.zig:32:21: 0x103ba3f in connect (dig.zig)
                    return errors.DigError.UnsupportedDatabase;
                    ^
/usr/src/app/src/tests/queryBuilder_test.zig:253:14: 0x115ae3b in test.QueryBuilder - multiple JOINs with WHERE (queryB
uilder_test.zig)
    var db = try dig.db.connect(allocator, .{
             ^
error: 'queryBuilder_test.test.QueryBuilder - JOIN with complex chaining' failed: [default] (err): PostgreSQL driver is
 not enabled. Rebuild with -Dpostgresql=true
/usr/src/app/src/dig/db.zig:32:21: 0x103ba3f in connect (dig.zig)
                    return errors.DigError.UnsupportedDatabase;
                    ^
/usr/src/app/src/tests/queryBuilder_test.zig:277:14: 0x115b6fb in test.QueryBuilder - JOIN with complex chaining (query
Builder_test.zig)
    var db = try dig.db.connect(allocator, .{
             ^
error: while executing test 'queryBuilder_test.test.QueryBuilder - JOIN with complex chaining', the following test comm
and failed:
/tmp/o/ec78a6714f87ef25dcca78e6a1256740/test --cache-dir=/tmp --seed=0xd62a194f --listen=-
test
+- run test 0/8 passed, 8 failed
error: 'integration_full_test.test.Integration: complete CRUD workflow with query builder' failed: [default] (err): Pos
tgreSQL driver is not enabled. Rebuild with -Dpostgresql=true
/usr/src/app/src/dig/db.zig:32:21: 0x105367f in connect (dig.zig)
                    return errors.DigError.UnsupportedDatabase;
                    ^
/usr/src/app/src/tests/integration_full_test.zig:10:14: 0x104c3f4 in test.Integration: complete CRUD workflow with quer
y builder (integration_full_test.zig)
    var db = try dig.db.connect(allocator, .{
             ^
error: 'integration_full_test.test.Integration: complex JOIN query workflow' failed: [default] (err): PostgreSQL driver
 is not enabled. Rebuild with -Dpostgresql=true
/usr/src/app/src/dig/db.zig:32:21: 0x105367f in connect (dig.zig)
                    return errors.DigError.UnsupportedDatabase;
                    ^
/usr/src/app/src/tests/integration_full_test.zig:95:14: 0x1178816 in test.Integration: complex JOIN query workflow (int
egration_full_test.zig)
    var db = try dig.db.connect(allocator, .{
             ^
error: 'integration_full_test.test.Integration: transaction with multiple operations' failed: [default] (err): PostgreS
QL driver is not enabled. Rebuild with -Dpostgresql=true
/usr/src/app/src/dig/db.zig:32:21: 0x105367f in connect (dig.zig)
                    return errors.DigError.UnsupportedDatabase;
                    ^
/usr/src/app/src/tests/integration_full_test.zig:148:14: 0x117b116 in test.Integration: transaction with multiple opera
tions (integration_full_test.zig)
    var db = try dig.db.connect(allocator, .{
             ^
error: 'integration_full_test.test.Integration: migration and schema workflow' failed: [default] (err): PostgreSQL driv
er is not enabled. Rebuild with -Dpostgresql=true
/usr/src/app/src/dig/db.zig:32:21: 0x105367f in connect (dig.zig)
                    return errors.DigError.UnsupportedDatabase;
                    ^
/usr/src/app/src/tests/integration_full_test.zig:194:14: 0x1181976 in test.Integration: migration and schema workflow (
integration_full_test.zig)
    var db = try dig.db.connect(allocator, .{
             ^
error: 'integration_full_test.test.Integration: seeding workflow' failed: [default] (err): PostgreSQL driver is not ena
bled. Rebuild with -Dpostgresql=true
/usr/src/app/src/dig/db.zig:32:21: 0x105367f in connect (dig.zig)
                    return errors.DigError.UnsupportedDatabase;
                    ^
/usr/src/app/src/tests/integration_full_test.zig:259:14: 0x1188e66 in test.Integration: seeding workflow (integration_f
ull_test.zig)
    var db = try dig.db.connect(allocator, .{
             ^
error: 'integration_full_test.test.Integration: pagination workflow' failed: [default] (err): PostgreSQL driver is not 
enabled. Rebuild with -Dpostgresql=true
/usr/src/app/src/dig/db.zig:32:21: 0x105367f in connect (dig.zig)
                    return errors.DigError.UnsupportedDatabase;
                    ^
/usr/src/app/src/tests/integration_full_test.zig:327:14: 0x118e6bd in test.Integration: pagination workflow (integratio
n_full_test.zig)
    var db = try dig.db.connect(allocator, .{
             ^
error: 'integration_full_test.test.Integration: batch operations' failed: [default] (err): PostgreSQL driver is not ena
bled. Rebuild with -Dpostgresql=true
/usr/src/app/src/dig/db.zig:32:21: 0x105367f in connect (dig.zig)
                    return errors.DigError.UnsupportedDatabase;
                    ^
/usr/src/app/src/tests/integration_full_test.zig:388:14: 0x1191596 in test.Integration: batch operations (integration_f
ull_test.zig)
    var db = try dig.db.connect(allocator, .{
             ^
error: 'integration_full_test.test.Integration: full migration lifecycle' failed: [default] (err): PostgreSQL driver is
 not enabled. Rebuild with -Dpostgresql=true
/usr/src/app/src/dig/db.zig:32:21: 0x105367f in connect (dig.zig)
                    return errors.DigError.UnsupportedDatabase;
                    ^
/usr/src/app/src/tests/integration_full_test.zig:442:14: 0x119dd26 in test.Integration: full migration lifecycle (integ
ration_full_test.zig)
    var db = try dig.db.connect(allocator, .{
             ^
error: while executing test 'integration_full_test.test.Integration: full migration lifecycle', the following test comm
and failed:
/tmp/o/044725ca4f405a52a148bdb8355e77f7/test --cache-dir=/tmp --seed=0xd62a194f --listen=-
test
+- run test 0/11 passed, 11 failed
error: 'db_test.test.Db: connect and disconnect PostgreSQL' failed: [default] (err): PostgreSQL driver is not enabled. 
Rebuild with -Dpostgresql=true
/usr/src/app/src/dig/db.zig:32:21: 0x1038a6f in connect (dig.zig)
                    return errors.DigError.UnsupportedDatabase;
                    ^
/usr/src/app/src/tests/db_test.zig:10:14: 0x103537b in test.Db: connect and disconnect PostgreSQL (db_test.zig)
    var db = try dig.db.connect(allocator, .{
             ^
error: 'db_test.test.Db: connect and disconnect MySQL' failed: [default] (err): MySQL driver is not enabled. Rebuild wi
th -Dmysql=true
/usr/src/app/src/dig/db.zig:43:21: 0x1038aa0 in connect (dig.zig)
                    return errors.DigError.UnsupportedDatabase;
                    ^
/usr/src/app/src/tests/db_test.zig:27:14: 0x113da4b in test.Db: connect and disconnect MySQL (db_test.zig)
    var db = try dig.db.connect(allocator, .{
             ^
error: 'db_test.test.Db: table() creates QueryBuilder' failed: [default] (err): PostgreSQL driver is not enabled. Rebui
ld with -Dpostgresql=true
/usr/src/app/src/dig/db.zig:32:21: 0x1038a6f in connect (dig.zig)
                    return errors.DigError.UnsupportedDatabase;
                    ^
/usr/src/app/src/tests/db_test.zig:44:14: 0x113dcbb in test.Db: table() creates QueryBuilder (db_test.zig)
    var db = try dig.db.connect(allocator, .{
             ^
error: 'db_test.test.Db: table() with different database types' failed: [default] (err): PostgreSQL driver is not enabl
ed. Rebuild with -Dpostgresql=true
/usr/src/app/src/dig/db.zig:32:21: 0x1038a6f in connect (dig.zig)
                    return errors.DigError.UnsupportedDatabase;
                    ^
/usr/src/app/src/tests/db_test.zig:66:17: 0x1140acb in test.Db: table() with different database types (db_test.zig)
    var pg_db = try dig.db.connect(allocator, .{
                ^
error: 'db_test.test.Db: execute raw SQL' failed: [default] (err): PostgreSQL driver is not enabled. Rebuild with -Dpos
tgresql=true
/usr/src/app/src/dig/db.zig:32:21: 0x1038a6f in connect (dig.zig)
                    return errors.DigError.UnsupportedDatabase;
                    ^
/usr/src/app/src/tests/db_test.zig:101:14: 0x114131b in test.Db: execute raw SQL (db_test.zig)
    var db = try dig.db.connect(allocator, .{
             ^
error: 'db_test.test.Db: query raw SQL' failed: [default] (err): PostgreSQL driver is not enabled. Rebuild with -Dpostg
resql=true
/usr/src/app/src/dig/db.zig:32:21: 0x1038a6f in connect (dig.zig)
                    return errors.DigError.UnsupportedDatabase;
                    ^
/usr/src/app/src/tests/db_test.zig:126:14: 0x1141806 in test.Db: query raw SQL (db_test.zig)
    var db = try dig.db.connect(allocator, .{
             ^
error: 'db_test.test.Db: transaction commit' failed: [default] (err): PostgreSQL driver is not enabled. Rebuild with -D
postgresql=true
/usr/src/app/src/dig/db.zig:32:21: 0x1038a6f in connect (dig.zig)
                    return errors.DigError.UnsupportedDatabase;
                    ^
/usr/src/app/src/tests/db_test.zig:157:14: 0x1143f16 in test.Db: transaction commit (db_test.zig)
    var db = try dig.db.connect(allocator, .{
             ^
error: 'db_test.test.Db: transaction rollback' failed: [default] (err): PostgreSQL driver is not enabled. Rebuild with 
-Dpostgresql=true
/usr/src/app/src/dig/db.zig:32:21: 0x1038a6f in connect (dig.zig)
                    return errors.DigError.UnsupportedDatabase;
                    ^
/usr/src/app/src/tests/db_test.zig:195:14: 0x1144ca6 in test.Db: transaction rollback (db_test.zig)
    var db = try dig.db.connect(allocator, .{
             ^
error: 'db_test.test.Db: multiple queries' failed: [default] (err): PostgreSQL driver is not enabled. Rebuild with -Dpo
stgresql=true
/usr/src/app/src/dig/db.zig:32:21: 0x1038a6f in connect (dig.zig)
                    return errors.DigError.UnsupportedDatabase;
                    ^
/usr/src/app/src/tests/db_test.zig:247:14: 0x11460e6 in test.Db: multiple queries (db_test.zig)
    var db = try dig.db.connect(allocator, .{
             ^
error: 'db_test.test.Db: error on invalid SQL' failed: [default] (err): PostgreSQL driver is not enabled. Rebuild with 
-Dpostgresql=true
/usr/src/app/src/dig/db.zig:32:21: 0x1038a6f in connect (dig.zig)
                    return errors.DigError.UnsupportedDatabase;
                    ^
/usr/src/app/src/tests/db_test.zig:281:14: 0x1146de6 in test.Db: error on invalid SQL (db_test.zig)
    var db = try dig.db.connect(allocator, .{
             ^
error: 'db_test.test.Db: query builder integration' failed: [default] (err): PostgreSQL driver is not enabled. Rebuild 
with -Dpostgresql=true
/usr/src/app/src/dig/db.zig:32:21: 0x1038a6f in connect (dig.zig)
                    return errors.DigError.UnsupportedDatabase;
                    ^
/usr/src/app/src/tests/db_test.zig:299:14: 0x11517d6 in test.Db: query builder integration (db_test.zig)
    var db = try dig.db.connect(allocator, .{
             ^
error: while executing test 'db_test.test.Db: query builder integration', the following test command failed:
/tmp/o/123834ab480726cbaede4d7edd256e47/test --cache-dir=/tmp --seed=0xd62a194f --listen=-
test
+- run test 3/16 passed, 13 failed
error: 'error_handling_test.test.Error handling: invalid connection config - wrong host' failed: [default] (err): Postg
reSQL driver is not enabled. Rebuild with -Dpostgresql=true
expected error.ConnectionFailed, found error.UnsupportedDatabase
/usr/src/app/src/dig/db.zig:32:21: 0x103abff in connect (dig.zig)
                    return errors.DigError.UnsupportedDatabase;
                    ^
/usr/local/zig/lib/std/testing.zig:64:13: 0x1037454 in expectError__anon_1948 (std.zig)
            return error.TestUnexpectedError;
            ^
/usr/src/app/src/tests/error_handling_test.zig:19:5: 0x1037626 in test.Error handling: invalid connection config - wron
g host (error_handling_test.zig)
    try testing.expectError(dig.errors.DigError.ConnectionFailed, result);
    ^
error: 'error_handling_test.test.Error handling: invalid connection config - wrong port' failed: [default] (err): Postg
reSQL driver is not enabled. Rebuild with -Dpostgresql=true
expected error.ConnectionFailed, found error.UnsupportedDatabase
/usr/src/app/src/dig/db.zig:32:21: 0x103abff in connect (dig.zig)
                    return errors.DigError.UnsupportedDatabase;
                    ^
/usr/local/zig/lib/std/testing.zig:64:13: 0x1037454 in expectError__anon_1948 (std.zig)
            return error.TestUnexpectedError;
            ^
/usr/src/app/src/tests/error_handling_test.zig:34:5: 0x11476f6 in test.Error handling: invalid connection config - wron
g port (error_handling_test.zig)
    try testing.expectError(dig.errors.DigError.ConnectionFailed, result);
    ^
error: 'error_handling_test.test.Error handling: invalid SQL syntax' failed: [default] (err): PostgreSQL driver is not 
enabled. Rebuild with -Dpostgresql=true
/usr/src/app/src/dig/db.zig:32:21: 0x103abff in connect (dig.zig)
                    return errors.DigError.UnsupportedDatabase;
                    ^
/usr/src/app/src/tests/error_handling_test.zig:40:14: 0x11479a6 in test.Error handling: invalid SQL syntax (error_handl
ing_test.zig)
    var db = try dig.db.connect(allocator, .{
             ^
error: 'error_handling_test.test.Error handling: invalid query syntax' failed: [default] (err): PostgreSQL driver is no
t enabled. Rebuild with -Dpostgresql=true
/usr/src/app/src/dig/db.zig:32:21: 0x103abff in connect (dig.zig)
                    return errors.DigError.UnsupportedDatabase;
                    ^
/usr/src/app/src/tests/error_handling_test.zig:57:14: 0x11486a6 in test.Error handling: invalid query syntax (error_han
dling_test.zig)
    var db = try dig.db.connect(allocator, .{
             ^
error: 'error_handling_test.test.Error handling: query on non-existent table' failed: [default] (err): PostgreSQL drive
r is not enabled. Rebuild with -Dpostgresql=true
/usr/src/app/src/dig/db.zig:32:21: 0x103abff in connect (dig.zig)
                    return errors.DigError.UnsupportedDatabase;
                    ^
/usr/src/app/src/tests/error_handling_test.zig:74:14: 0x1148c16 in test.Error handling: query on non-existent table (er
ror_handling_test.zig)
    var db = try dig.db.connect(allocator, .{
             ^
error: 'error_handling_test.test.Error handling: insert with constraint violation' failed: [default] (err): PostgreSQL 
driver is not enabled. Rebuild with -Dpostgresql=true
/usr/src/app/src/dig/db.zig:32:21: 0x103abff in connect (dig.zig)
                    return errors.DigError.UnsupportedDatabase;
                    ^
/usr/src/app/src/tests/error_handling_test.zig:91:14: 0x1159b46 in test.Error handling: insert with constraint violatio
n (error_handling_test.zig)
    var db = try dig.db.connect(allocator, .{
             ^
error: 'error_handling_test.test.Error handling: invalid column name in query' failed: [default] (err): PostgreSQL driv
er is not enabled. Rebuild with -Dpostgresql=true
/usr/src/app/src/dig/db.zig:32:21: 0x103abff in connect (dig.zig)
                    return errors.DigError.UnsupportedDatabase;
                    ^
/usr/src/app/src/tests/error_handling_test.zig:121:14: 0x115a246 in test.Error handling: invalid column name in query (
error_handling_test.zig)
    var db = try dig.db.connect(allocator, .{
             ^
error: 'error_handling_test.test.Error handling: transaction rollback on error' failed: [default] (err): PostgreSQL dri
ver is not enabled. Rebuild with -Dpostgresql=true
/usr/src/app/src/dig/db.zig:32:21: 0x103abff in connect (dig.zig)
                    return errors.DigError.UnsupportedDatabase;
                    ^
/usr/src/app/src/tests/error_handling_test.zig:148:14: 0x115a816 in test.Error handling: transaction rollback on error 
(error_handling_test.zig)
    var db = try dig.db.connect(allocator, .{
             ^
error: 'error_handling_test.test.Error handling: query builder with invalid query type combination' failed: [default] (
err): PostgreSQL driver is not enabled. Rebuild with -Dpostgresql=true
/usr/src/app/src/dig/db.zig:32:21: 0x103abff in connect (dig.zig)
                    return errors.DigError.UnsupportedDatabase;
                    ^
/usr/src/app/src/tests/error_handling_test.zig:198:14: 0x115e926 in test.Error handling: query builder with invalid que
ry type combination (error_handling_test.zig)
    var db = try dig.db.connect(allocator, .{
             ^
error: 'error_handling_test.test.Error handling: empty SQL execution' failed: [default] (err): PostgreSQL driver is not
 enabled. Rebuild with -Dpostgresql=true
/usr/src/app/src/dig/db.zig:32:21: 0x103abff in connect (dig.zig)
                    return errors.DigError.UnsupportedDatabase;
                    ^
/usr/src/app/src/tests/error_handling_test.zig:221:14: 0x1176506 in test.Error handling: empty SQL execution (error_han
dling_test.zig)
    var db = try dig.db.connect(allocator, .{
             ^
error: 'error_handling_test.test.Error handling: NULL value handling' failed: [default] (err): PostgreSQL driver is not
 enabled. Rebuild with -Dpostgresql=true
/usr/src/app/src/dig/db.zig:32:21: 0x103abff in connect (dig.zig)
                    return errors.DigError.UnsupportedDatabase;
                    ^
/usr/src/app/src/tests/error_handling_test.zig:282:14: 0x1189b16 in test.Error handling: NULL value handling (error_han
dling_test.zig)
    var db = try dig.db.connect(allocator, .{
             ^
error: 'error_handling_test.test.Error handling: concurrent connection attempts' failed: [default] (err): PostgreSQL dr
iver is not enabled. Rebuild with -Dpostgresql=true
/usr/src/app/src/dig/db.zig:32:21: 0x103abff in connect (dig.zig)
                    return errors.DigError.UnsupportedDatabase;
                    ^
/usr/src/app/src/tests/error_handling_test.zig:317:15: 0x118a7cb in test.Error handling: concurrent connection attempts
 (error_handling_test.zig)
    var db1 = try dig.db.connect(allocator, .{
              ^
error: 'error_handling_test.test.Error handling: migration with invalid SQL' failed: [default] (err): PostgreSQL driver
 is not enabled. Rebuild with -Dpostgresql=true
/usr/src/app/src/dig/db.zig:32:21: 0x103abff in connect (dig.zig)
                    return errors.DigError.UnsupportedDatabase;
                    ^
/usr/src/app/src/tests/error_handling_test.zig:345:14: 0x118e656 in test.Error handling: migration with invalid SQL (er
ror_handling_test.zig)
    var db = try dig.db.connect(allocator, .{
             ^
error: while executing test 'error_handling_test.test.Error handling: schema with invalid column type', the following t
est command failed:
/tmp/o/ab24c171fa1a4296342e28af50429e9b/test --cache-dir=/tmp --seed=0xd62a194f --listen=-

Build Summary: 23/30 steps succeeded; 6 failed; 122/173 tests passed; 51 failed
test transitive failure
+- run test 0/13 passed, 13 failed
+- run test 0/8 passed, 8 failed
+- run test 3/16 passed, 13 failed
+- run test 0/11 passed, 11 failed
+- run test 1/5 passed, 4 failed
+- run test 8/10 passed, 2 failed

error: the following build command failed with exit code 1:
/tmp/o/01202deaec1ae20f219211838348fc62/build /usr/local/zig/zig /usr/local/zig/lib /usr/src/app /tmp /root/.cache/zig 
--seed 0xd62a194f -Zea1c575db47fc0f0 test

make: *** [Makefile:34: zig] Error 1
